ACTUAL_SCRATCH /qh-scratch/tmp5jtjp1ne
FRESH_IMPORT /testbed/src/pytest/__init__.py
OUTER_SOURCE_BINDINGS 194
........................................................................ [ 37%]
........................................sssssss......................... [ 74%]
......s......................x...................s                       [100%]
184 passed, 9 skipped, 1 xfailed in 6.43s
NATIVE_EXIT 0
FAILURE_CONTROL_EXIT 1
F                                                                        [100%]
=================================== FAILURES ===================================
________________________________ test_contract _________________________________
test_contract.py:3: in test_contract
    assert actual == "expected-sentinel"
E   AssertionError: assert 'observed-sentinel' == 'expected-sentinel'
E     - expected-sentinel
E     + observed-sentinel
=========================== short test summary info ============================
FAILED test_contract.py::test_contract - AssertionError: assert 'observed-sen...
1 failed in 0.02s


ASSERTION_SENSITIVITY_VERIFIED
