28/Sep/2026 11:41:42 GET /
28/Sep/2026 11:41:42 HEAD /
28/Sep/2026 11:41:42 GET /linked-index/
28/Sep/2026 11:41:42 HEAD /linked-index/
28/Sep/2026 11:41:42 GET /linked-index
28/Sep/2026 11:41:42 HEAD /linked-index
28/Sep/2026 11:41:42 GET /
28/Sep/2026 11:41:42 GET /assets/
28/Sep/2026 11:41:42 GET /assets/
28/Sep/2026 11:41:42 GET /.private
28/Sep/2026 11:41:42 GET /.private
28/Sep/2026 11:41:42 GET /linked-secret.txt
28/Sep/2026 11:41:42 GET /linked-secret.txt
28/Sep/2026 11:41:42 GET /%2e%2e/outside.txt
28/Sep/2026 11:41:42 GET /%2e%2e/outside.txt
28/Sep/2026 11:41:42 GET /missing
28/Sep/2026 11:41:42 GET /missing
28/Sep/2026 11:41:43 GET /_health
28/Sep/2026 11:41:43 HEAD /_health
28/Sep/2026 11:41:43 GET /_health
28/Sep/2026 11:41:43 HEAD /_health
28/Sep/2026 11:41:44 GET /assets/team-characters.aaaaaaaaaaaaaaaaaaaaaaaaaaaaaaaaaaaaaaaaaaaaaaaaaaaaaaaaaaaaaaaa.png
28/Sep/2026 11:41:44 GET /assets/team-characters.aaaaaaaaaaaaaaaaaaaaaaaaaaaaaaaaaaaaaaaaaaaaaaaaaaaaaaaaaaaaaaaa.png
28/Sep/2026 11:41:44 GET /assets/%2e%2e/.private
28/Sep/2026 11:41:44 GET /assets/%2e%2e/.private
28/Sep/2026 11:41:44 GET /_health
28/Sep/2026 11:41:44 GET /assets/team-characters.aaaaaaaaaaaaaaaaaaaaaaaaaaaaaaaaaaaaaaaaaaaaaaaaaaaaaaaaaaaaaaa.png
28/Sep/2026 11:41:44 GET /assets/team-characters.aaaaaaaaaaaaaaaaaaaaaaaaaaaaaaaaaaaaaaaaaaaaaaaaaaaaaaaaaaaaaaa.png
28/Sep/2026 11:41:44 HEAD /assets/team-characters.aaaaaaaaaaaaaaaaaaaaaaaaaaaaaaaaaaaaaaaaaaaaaaaaaaaaaaaaaaaaaaa.png
28/Sep/2026 11:41:44 GET /assets/team-characters.aaaaaaaaaaaaaaaaaaaaaaaaaaaaaaaaaaaaaaaaaaaaaaaaaaaaaaaaaaaaaaaaa.png
28/Sep/2026 11:41:44 GET /assets/team-characters.aaaaaaaaaaaaaaaaaaaaaaaaaaaaaaaaaaaaaaaaaaaaaaaaaaaaaaaaaaaaaaaaa.png
28/Sep/2026 11:41:44 HEAD /assets/team-characters.aaaaaaaaaaaaaaaaaaaaaaaaaaaaaaaaaaaaaaaaaaaaaaaaaaaaaaaaaaaaaaaaa.png
28/Sep/2026 11:41:44 GET /assets/team-characters.aaaaaaaaaaaaaaaaaaaaaaaaaaaaaaaaaaaaaaaaaaaaaaaaaaaaaaaaaaaaaaa.webp
28/Sep/2026 11:41:44 GET /assets/team-characters.aaaaaaaaaaaaaaaaaaaaaaaaaaaaaaaaaaaaaaaaaaaaaaaaaaaaaaaaaaaaaaa.webp
28/Sep/2026 11:41:44 HEAD /assets/team-characters.aaaaaaaaaaaaaaaaaaaaaaaaaaaaaaaaaaaaaaaaaaaaaaaaaaaaaaaaaaaaaaa.webp
28/Sep/2026 11:41:44 GET /assets/team-characters.aaaaaaaaaaaaaaaaaaaaaaaaaaaaaaaaaaaaaaaaaaaaaaaaaaaaaaaaaaaaaaaaa.webp
28/Sep/2026 11:41:44 GET /assets/team-characters.aaaaaaaaaaaaaaaaaaaaaaaaaaaaaaaaaaaaaaaaaaaaaaaaaaaaaaaaaaaaaaaaa.webp
28/Sep/2026 11:41:44 HEAD /assets/team-characters.aaaaaaaaaaaaaaaaaaaaaaaaaaaaaaaaaaaaaaaaaaaaaaaaaaaaaaaaaaaaaaaaa.webp
28/Sep/2026 11:41:45 GET /assets/team-characters.d0b80c1a3e58d6d63699b1639c0700c935e6b9ab537537b42c351e80de31f772.png
28/Sep/2026 11:41:45 GET /assets/team-characters.d0b80c1a3e58d6d63699b1639c0700c935e6b9ab537537b42c351e80de31f772.png
28/Sep/2026 11:41:45 HEAD /assets/team-characters.d0b80c1a3e58d6d63699b1639c0700c935e6b9ab537537b42c351e80de31f772.png
28/Sep/2026 11:41:45 GET /assets/team-characters.png
28/Sep/2026 11:41:45 GET /
28/Sep/2026 11:41:45 GET /%2e%2e/outside.txt
28/Sep/2026 11:41:45 GET /%2e%2e/outside.txt
28/Sep/2026 11:41:46 GET /_health
28/Sep/2026 11:41:46 GET /_health
28/Sep/2026 11:41:46 GET /assets/team-characters.7e26a2f01e6becc8a53e2355b666135fc0c3c0d6809cea9070dcd7de9b350f80.webp
28/Sep/2026 11:41:46 GET /assets/team-characters.7e26a2f01e6becc8a53e2355b666135fc0c3c0d6809cea9070dcd7de9b350f80.webp
28/Sep/2026 11:41:46 GET /assets/team-characters.7e26a2f01e6becc8a53e2355b666135fc0c3c0d6809cea9070dcd7de9b350f80.webp
28/Sep/2026 11:41:46 GET /assets/team-characters.7e26a2f01e6becc8a53e2355b666135fc0c3c0d6809cea9070dcd7de9b350f80.webp
