28/Sep/2026 11:43:22 GET /contained
28/Sep/2026 11:43:22 GET /contained/
28/Sep/2026 11:43:22 GET /_health
28/Sep/2026 11:43:22 HEAD /contained/
28/Sep/2026 11:43:22 HEAD /_health
28/Sep/2026 11:43:23 GET /
28/Sep/2026 11:43:23 GET /
28/Sep/2026 11:43:23 HEAD /
28/Sep/2026 11:43:23 HEAD /
28/Sep/2026 11:43:23 GET /linked-index/
28/Sep/2026 11:43:23 GET /linked-index/
28/Sep/2026 11:43:23 HEAD /linked-index/
28/Sep/2026 11:43:23 HEAD /linked-index/
28/Sep/2026 11:43:23 GET /linked-index
28/Sep/2026 11:43:23 GET /linked-index
28/Sep/2026 11:43:23 HEAD /linked-index
28/Sep/2026 11:43:23 HEAD /linked-index
28/Sep/2026 11:43:23 GET /
28/Sep/2026 11:43:23 GET /assets/
28/Sep/2026 11:43:23 GET /assets/
28/Sep/2026 11:43:23 GET /.private
28/Sep/2026 11:43:23 GET /.private
28/Sep/2026 11:43:23 GET /linked-secret.txt
28/Sep/2026 11:43:23 GET /linked-secret.txt
28/Sep/2026 11:43:23 GET /%2e%2e/outside.txt
28/Sep/2026 11:43:23 GET /%2e%2e/outside.txt
28/Sep/2026 11:43:23 GET /missing
28/Sep/2026 11:43:23 GET /missing
28/Sep/2026 11:43:24 GET /_health
28/Sep/2026 11:43:24 GET /_health
28/Sep/2026 11:43:24 HEAD /_health
28/Sep/2026 11:43:24 HEAD /_health
28/Sep/2026 11:43:24 GET /_health
28/Sep/2026 11:43:24 HEAD /_health
28/Sep/2026 11:43:25 GET /assets/team-characters.aaaaaaaaaaaaaaaaaaaaaaaaaaaaaaaaaaaaaaaaaaaaaaaaaaaaaaaaaaaaaaaa.png
28/Sep/2026 11:43:25 GET /assets/team-characters.aaaaaaaaaaaaaaaaaaaaaaaaaaaaaaaaaaaaaaaaaaaaaaaaaaaaaaaaaaaaaaaa.png
28/Sep/2026 11:43:25 GET /assets/%2e%2e/.private
28/Sep/2026 11:43:25 GET /assets/%2e%2e/.private
28/Sep/2026 11:43:25 GET /_health
28/Sep/2026 11:43:25 GET /assets/team-characters.aaaaaaaaaaaaaaaaaaaaaaaaaaaaaaaaaaaaaaaaaaaaaaaaaaaaaaaaaaaaaaa.png
28/Sep/2026 11:43:25 GET /assets/team-characters.aaaaaaaaaaaaaaaaaaaaaaaaaaaaaaaaaaaaaaaaaaaaaaaaaaaaaaaaaaaaaaa.png
28/Sep/2026 11:43:25 HEAD /assets/team-characters.aaaaaaaaaaaaaaaaaaaaaaaaaaaaaaaaaaaaaaaaaaaaaaaaaaaaaaaaaaaaaaa.png
28/Sep/2026 11:43:25 GET /assets/team-characters.aaaaaaaaaaaaaaaaaaaaaaaaaaaaaaaaaaaaaaaaaaaaaaaaaaaaaaaaaaaaaaaaa.png
28/Sep/2026 11:43:25 GET /assets/team-characters.aaaaaaaaaaaaaaaaaaaaaaaaaaaaaaaaaaaaaaaaaaaaaaaaaaaaaaaaaaaaaaaaa.png
28/Sep/2026 11:43:25 HEAD /assets/team-characters.aaaaaaaaaaaaaaaaaaaaaaaaaaaaaaaaaaaaaaaaaaaaaaaaaaaaaaaaaaaaaaaaa.png
28/Sep/2026 11:43:25 GET /assets/team-characters.aaaaaaaaaaaaaaaaaaaaaaaaaaaaaaaaaaaaaaaaaaaaaaaaaaaaaaaaaaaaaaa.webp
28/Sep/2026 11:43:25 GET /assets/team-characters.aaaaaaaaaaaaaaaaaaaaaaaaaaaaaaaaaaaaaaaaaaaaaaaaaaaaaaaaaaaaaaa.webp
28/Sep/2026 11:43:25 HEAD /assets/team-characters.aaaaaaaaaaaaaaaaaaaaaaaaaaaaaaaaaaaaaaaaaaaaaaaaaaaaaaaaaaaaaaa.webp
28/Sep/2026 11:43:25 GET /assets/team-characters.aaaaaaaaaaaaaaaaaaaaaaaaaaaaaaaaaaaaaaaaaaaaaaaaaaaaaaaaaaaaaaaaa.webp
28/Sep/2026 11:43:25 GET /assets/team-characters.aaaaaaaaaaaaaaaaaaaaaaaaaaaaaaaaaaaaaaaaaaaaaaaaaaaaaaaaaaaaaaaaa.webp
28/Sep/2026 11:43:25 HEAD /assets/team-characters.aaaaaaaaaaaaaaaaaaaaaaaaaaaaaaaaaaaaaaaaaaaaaaaaaaaaaaaaaaaaaaaaa.webp
28/Sep/2026 11:43:26 GET /assets/team-characters.d0b80c1a3e58d6d63699b1639c0700c935e6b9ab537537b42c351e80de31f772.png
28/Sep/2026 11:43:26 GET /assets/team-characters.d0b80c1a3e58d6d63699b1639c0700c935e6b9ab537537b42c351e80de31f772.png
28/Sep/2026 11:43:26 HEAD /assets/team-characters.d0b80c1a3e58d6d63699b1639c0700c935e6b9ab537537b42c351e80de31f772.png
28/Sep/2026 11:43:26 GET /assets/team-characters.png
28/Sep/2026 11:43:26 GET /
28/Sep/2026 11:43:26 GET /%2e%2e/outside.txt
28/Sep/2026 11:43:26 GET /%2e%2e/outside.txt
28/Sep/2026 11:43:27 GET /_health
28/Sep/2026 11:43:27 GET /_health
28/Sep/2026 11:43:27 GET /assets/team-characters.7e26a2f01e6becc8a53e2355b666135fc0c3c0d6809cea9070dcd7de9b350f80.webp
28/Sep/2026 11:43:27 GET /assets/team-characters.7e26a2f01e6becc8a53e2355b666135fc0c3c0d6809cea9070dcd7de9b350f80.webp
28/Sep/2026 11:43:27 GET /assets/team-characters.7e26a2f01e6becc8a53e2355b666135fc0c3c0d6809cea9070dcd7de9b350f80.webp
28/Sep/2026 11:43:27 GET /assets/team-characters.7e26a2f01e6becc8a53e2355b666135fc0c3c0d6809cea9070dcd7de9b350f80.webp
