test_ancestor_index_uses_signature_free_unicode_columns (test_context_bom.ContextSignatureTests.test_ancestor_index_uses_signature_free_unicode_columns) ... ok
test_cli_accepts_one_signature_without_executing_and_rejects_invalid_source (test_context_bom.ContextSignatureTests.test_cli_accepts_one_signature_without_executing_and_rejects_invalid_source) ... ok
test_full_source_keeps_interior_signature_character_as_literal_data (test_context_bom.ContextSignatureTests.test_full_source_keeps_interior_signature_character_as_literal_data) ... ok
test_named_line_and_group_keep_first_decorator_and_original_identity (test_context_bom.ContextSignatureTests.test_named_line_and_group_keep_first_decorator_and_original_identity) ... ok
test_signature_counts_toward_raw_byte_limits (test_context_bom.ContextSignatureTests.test_signature_counts_toward_raw_byte_limits) ... ok
test_decorators_match_native_segments_across_physical_line_endings (test_context_decorator_index.ContextDecoratorIndexTests.test_decorators_match_native_segments_across_physical_line_endings) ... ok
test_many_decorators_do_not_repeatedly_scan_entire_source (test_context_decorator_index.ContextDecoratorIndexTests.test_many_decorators_do_not_repeatedly_scan_entire_source) ... ok
test_index_and_definition_group_keep_openings_and_expression_segments (test_context_decorator_opening.DecoratorOpeningTests.test_index_and_definition_group_keep_openings_and_expression_segments) ... ok
test_named_excerpt_includes_opening_across_physical_newlines (test_context_decorator_opening.DecoratorOpeningTests.test_named_excerpt_includes_opening_across_physical_newlines) ... ok
test_opening_line_and_named_selector_select_same_definition (test_context_decorator_opening.DecoratorOpeningTests.test_opening_line_and_named_selector_select_same_definition) ... ok
test_real_cli_output_preserves_opening_without_execution_or_extra_files (test_context_decorator_opening.DecoratorOpeningTests.test_real_cli_output_preserves_opening_without_execution_or_extra_files) ... ok
test_strings_matrix_operators_nested_async_and_stacked_decorators (test_context_decorator_opening.DecoratorOpeningTests.test_strings_matrix_operators_nested_async_and_stacked_decorators) ... ok
test_cache_and_ancestor_context_survive_group_selection (test_context_definition_groups.DefinitionGroupTests.test_cache_and_ancestor_context_survive_group_selection) ... ok
test_cli_group_success_and_atomic_default_failure (test_context_definition_groups.DefinitionGroupTests.test_cli_group_success_and_atomic_default_failure) ... ok
test_conditional_leafs_all_retained_but_ambiguous_parents_refused (test_context_definition_groups.DefinitionGroupTests.test_conditional_leafs_all_retained_but_ambiguous_parents_refused) ... ok
test_overloads_and_implementation_retained_without_guessing_or_execution (test_context_definition_groups.DefinitionGroupTests.test_overloads_and_implementation_retained_without_guessing_or_execution) ... ok
test_serialized_budget_applies_to_complete_groups_in_both_formats (test_context_definition_groups.DefinitionGroupTests.test_serialized_budget_applies_to_complete_groups_in_both_formats) ... ok
test_unique_line_and_full_selectors_retain_existing_meaning (test_context_definition_groups.DefinitionGroupTests.test_unique_line_and_full_selectors_retain_existing_meaning) ... ok
test_deep_expression_cli_success_and_missing_name_failure (test_context_expression_depth.ContextExpressionDepthTests.test_deep_expression_cli_success_and_missing_name_failure) ... ok
test_named_and_line_selection_ignore_deep_expression_subtrees (test_context_expression_depth.ContextExpressionDepthTests.test_named_and_line_selection_ignore_deep_expression_subtrees) ... ok
test_nested_handler_and_conditional_ambiguity_preserved (test_context_expression_depth.ContextExpressionDepthTests.test_nested_handler_and_conditional_ambiguity_preserved) ... ok
test_all_lines_match_prior_nested_conditional_decorated_resolution (test_context_line_index.ContextLineIndexTests.test_all_lines_match_prior_nested_conditional_decorated_resolution) ... ok
test_eight_selectors_walk_definitions_once_and_keep_every_excerpt (test_context_line_index.ContextLineIndexTests.test_eight_selectors_walk_definitions_once_and_keep_every_excerpt) ... ok
test_equal_span_ambiguity_remains_an_error (test_context_line_index.ContextLineIndexTests.test_equal_span_ambiguity_remains_an_error) ... ok
test_no_stale_spans_after_new_invocation (test_context_line_index.ContextLineIndexTests.test_no_stale_spans_after_new_invocation) ... ok
test_ambiguity_and_scope_boundaries_survive_cached_lookup (test_context_named_cache.NamedCacheTests.test_ambiguity_and_scope_boundaries_survive_cached_lookup) ... ok
test_new_invocation_rebuilds_names_and_source_hash (test_context_named_cache.NamedCacheTests.test_new_invocation_rebuilds_names_and_source_hash) ... ok
test_shared_scope_walked_once_without_changing_excerpts (test_context_named_cache.NamedCacheTests.test_shared_scope_walked_once_without_changing_excerpts) ... ok
test_actual_cli_boundary_and_no_partial_output (test_context_output_budget.OutputBudgetTests.test_actual_cli_boundary_and_no_partial_output) ... ok
test_ancestor_context_is_not_dropped_to_fit (test_context_output_budget.OutputBudgetTests.test_ancestor_context_is_not_dropped_to_fit) ... ok
test_collect_uses_requested_format_without_changing_values (test_context_output_budget.OutputBudgetTests.test_collect_uses_requested_format_without_changing_values) ... ok
test_custom_limit_exact_boundary_and_formats (test_context_output_budget.OutputBudgetTests.test_custom_limit_exact_boundary_and_formats) ... ok
test_invalid_limits_fail_before_reading (test_context_output_budget.OutputBudgetTests.test_invalid_limits_fail_before_reading) ... ok
test_post_stat_replacements_reject_without_blocking_or_charging_budget (test_context_read_races.ContextReadRaceTests.test_post_stat_replacements_reject_without_blocking_or_charging_budget) ... ok
test_regular_utf8_bytes_hash_and_budget_unchanged (test_context_read_races.ContextReadRaceTests.test_regular_utf8_bytes_hash_and_budget_unchanged) ... ok
test_each_format_selects_smaller_nested_record_and_keeps_explicit_body (test_context_representation_size.ContextRepresentationSizeTests.test_each_format_selects_smaller_nested_record_and_keeps_explicit_body) ... ok
test_exact_pretty_budget_accepts_smaller_complete_source (test_context_representation_size.ContextRepresentationSizeTests.test_exact_pretty_budget_accepts_smaller_complete_source) ... ok
test_pretty_can_choose_complete_source_where_compact_prefers_index (test_context_representation_size.ContextRepresentationSizeTests.test_pretty_can_choose_complete_source_where_compact_prefers_index) ... ok
test_real_output_limit_with_complete_ancestor_instructions (test_context_representation_size.ContextRepresentationSizeTests.test_real_output_limit_with_complete_ancestor_instructions) ... ok

----------------------------------------------------------------------
Ran 39 tests in 0.797s

OK
