test_all_cells_including_adverse_values_are_rendered (test_landing.LandingTests.test_all_cells_including_adverse_values_are_rendered) ... ok
test_artwork_identity_changes_url_without_changing_source_bytes (test_landing.LandingTests.test_artwork_identity_changes_url_without_changing_source_bytes) ... ok
test_changed_source_evidence_cannot_silently_change_published_chart (test_landing.LandingTests.test_changed_source_evidence_cannot_silently_change_published_chart) ... ok
test_cost_interpretation_preserves_increases_and_actual_usage (test_landing.LandingTests.test_cost_interpretation_preserves_increases_and_actual_usage) ... ok
test_download_installs_exact_resources_and_preserves_existing_install (test_landing.LandingTests.test_download_installs_exact_resources_and_preserves_existing_install) ... ok
test_downloaded_report_relative_evidence_links_are_served (test_landing.LandingTests.test_downloaded_report_relative_evidence_links_are_served) ... ok
test_each_locale_has_static_metadata_and_copy_without_javascript (test_landing.LandingTests.test_each_locale_has_static_metadata_and_copy_without_javascript) ... ok
test_evidence_bundle_keeps_report_links_and_original_bytes (test_landing.LandingTests.test_evidence_bundle_keeps_report_links_and_original_bytes) ... ok
test_featured_pointer_and_published_values_are_the_sources (test_landing.LandingTests.test_featured_pointer_and_published_values_are_the_sources) ... ok
test_generated_preview_is_current_and_rasters_match_sources (test_landing.LandingTests.test_generated_preview_is_current_and_rasters_match_sources) ... ok
test_historical_bundle_and_current_resource_boundaries_are_preserved (test_landing.LandingTests.test_historical_bundle_and_current_resource_boundaries_are_preserved) ... ok
test_integration_comparison_and_downloads_retain_every_attempt (test_landing.LandingTests.test_integration_comparison_and_downloads_retain_every_attempt) ... ok
test_integration_rejects_missing_duplicate_and_inconsistent_attempts (test_landing.LandingTests.test_integration_rejects_missing_duplicate_and_inconsistent_attempts) ... ok
test_localized_fragments_match_static_page_experiments (test_landing.LandingTests.test_localized_fragments_match_static_page_experiments) ... ok
test_preview_is_not_indexable (test_landing.LandingTests.test_preview_is_not_indexable) ... ok
test_production_origin_and_subdirectory_are_applied_everywhere (test_landing.LandingTests.test_production_origin_and_subdirectory_are_applied_everywhere) ... ok
test_production_url_rejects_invalid_or_local_metadata (test_landing.LandingTests.test_production_url_rejects_invalid_or_local_metadata) ... ok
test_snapshot_links_and_translations_work_from_every_route (test_landing.LandingTests.test_snapshot_links_and_translations_work_from_every_route) ... ok
test_webp_selection_keeps_original_fallback_and_rejects_stale_bytes (test_landing.LandingTests.test_webp_selection_keeps_original_fallback_and_rejects_stale_bytes) ... ok
test_contained_index_and_manifest_links_remain_available (test_landing_server.LandingOriginTests.test_contained_index_and_manifest_links_remain_available) ... ok
test_directory_indexes_cannot_serve_outside_the_release (test_landing_server.LandingOriginTests.test_directory_indexes_cannot_serve_outside_the_release) ... ok
test_files_have_headers_and_no_listing_or_repository_escape (test_landing_server.LandingOriginTests.test_files_have_headers_and_no_listing_or_repository_escape) ... ok
test_final_file_symlink_loops_return_http_errors (test_landing_server.LandingOriginTests.test_final_file_symlink_loops_return_http_errors) ... ok
test_health_cannot_identify_a_manifest_outside_the_release (test_landing_server.LandingOriginTests.test_health_cannot_identify_a_manifest_outside_the_release) ... ok
test_health_identifies_the_served_release_and_head_has_no_body (test_landing_server.LandingOriginTests.test_health_identifies_the_served_release_and_head_has_no_body) ... ok
test_missing_or_escaped_fingerprint_never_caches_an_error (test_landing_server.LandingOriginTests.test_missing_or_escaped_fingerprint_never_caches_an_error) ... ok
test_near_length_fingerprints_are_revalidated_for_both_formats (test_landing_server.LandingOriginTests.test_near_length_fingerprints_are_revalidated_for_both_formats) ... ok
test_only_existing_fingerprinted_artwork_is_immutable (test_landing_server.LandingOriginTests.test_only_existing_fingerprinted_artwork_is_immutable) ... ok
test_release_switch_serves_new_files_without_exposing_parent (test_landing_server.LandingOriginTests.test_release_switch_serves_new_files_without_exposing_parent) ... ok
test_unknown_app_identity_is_not_a_healthy_landing (test_landing_server.LandingOriginTests.test_unknown_app_identity_is_not_a_healthy_landing) ... ok
test_webp_has_native_media_type_and_immutable_conditional_response (test_landing_server.LandingOriginTests.test_webp_has_native_media_type_and_immutable_conditional_response) ... ok

----------------------------------------------------------------------
Ran 31 tests in 6.520s

OK
