test_ancestor_index_uses_signature_free_unicode_columns (test_context_bom.ContextSignatureTests.test_ancestor_index_uses_signature_free_unicode_columns) ... ok
test_cli_accepts_one_signature_without_executing_and_rejects_invalid_source (test_context_bom.ContextSignatureTests.test_cli_accepts_one_signature_without_executing_and_rejects_invalid_source) ... ok
test_full_source_keeps_interior_signature_character_as_literal_data (test_context_bom.ContextSignatureTests.test_full_source_keeps_interior_signature_character_as_literal_data) ... ok
test_named_line_and_group_keep_first_decorator_and_original_identity (test_context_bom.ContextSignatureTests.test_named_line_and_group_keep_first_decorator_and_original_identity) ... ok
test_signature_counts_toward_raw_byte_limits (test_context_bom.ContextSignatureTests.test_signature_counts_toward_raw_byte_limits) ... ok
test_decorators_match_native_segments_across_physical_line_endings (test_context_decorator_index.ContextDecoratorIndexTests.test_decorators_match_native_segments_across_physical_line_endings) ... ok
test_many_decorators_do_not_repeatedly_scan_entire_source (test_context_decorator_index.ContextDecoratorIndexTests.test_many_decorators_do_not_repeatedly_scan_entire_source) ... ok
test_index_and_definition_group_keep_openings_and_expression_segments (test_context_decorator_opening.DecoratorOpeningTests.test_index_and_definition_group_keep_openings_and_expression_segments) ... ok
test_named_excerpt_includes_opening_across_physical_newlines (test_context_decorator_opening.DecoratorOpeningTests.test_named_excerpt_includes_opening_across_physical_newlines) ... ok
test_opening_line_and_named_selector_select_same_definition (test_context_decorator_opening.DecoratorOpeningTests.test_opening_line_and_named_selector_select_same_definition) ... ok
test_real_cli_output_preserves_opening_without_execution_or_extra_files (test_context_decorator_opening.DecoratorOpeningTests.test_real_cli_output_preserves_opening_without_execution_or_extra_files) ... ok
test_strings_matrix_operators_nested_async_and_stacked_decorators (test_context_decorator_opening.DecoratorOpeningTests.test_strings_matrix_operators_nested_async_and_stacked_decorators) ... ok
test_cache_and_ancestor_context_survive_group_selection (test_context_definition_groups.DefinitionGroupTests.test_cache_and_ancestor_context_survive_group_selection) ... ok
test_cli_group_success_and_atomic_default_failure (test_context_definition_groups.DefinitionGroupTests.test_cli_group_success_and_atomic_default_failure) ... ok
test_conditional_leafs_all_retained_but_ambiguous_parents_refused (test_context_definition_groups.DefinitionGroupTests.test_conditional_leafs_all_retained_but_ambiguous_parents_refused) ... ok
test_overloads_and_implementation_retained_without_guessing_or_execution (test_context_definition_groups.DefinitionGroupTests.test_overloads_and_implementation_retained_without_guessing_or_execution) ... ok
test_serialized_budget_applies_to_complete_groups_in_both_formats (test_context_definition_groups.DefinitionGroupTests.test_serialized_budget_applies_to_complete_groups_in_both_formats) ... ok
test_unique_line_and_full_selectors_retain_existing_meaning (test_context_definition_groups.DefinitionGroupTests.test_unique_line_and_full_selectors_retain_existing_meaning) ... ok
test_deep_expression_cli_success_and_missing_name_failure (test_context_expression_depth.ContextExpressionDepthTests.test_deep_expression_cli_success_and_missing_name_failure) ... ok
test_named_and_line_selection_ignore_deep_expression_subtrees (test_context_expression_depth.ContextExpressionDepthTests.test_named_and_line_selection_ignore_deep_expression_subtrees) ... ok
test_nested_handler_and_conditional_ambiguity_preserved (test_context_expression_depth.ContextExpressionDepthTests.test_nested_handler_and_conditional_ambiguity_preserved) ... ok
test_all_lines_match_prior_nested_conditional_decorated_resolution (test_context_line_index.ContextLineIndexTests.test_all_lines_match_prior_nested_conditional_decorated_resolution) ... ok
test_eight_selectors_walk_definitions_once_and_keep_every_excerpt (test_context_line_index.ContextLineIndexTests.test_eight_selectors_walk_definitions_once_and_keep_every_excerpt) ... ok
test_equal_span_ambiguity_remains_an_error (test_context_line_index.ContextLineIndexTests.test_equal_span_ambiguity_remains_an_error) ... ok
test_no_stale_spans_after_new_invocation (test_context_line_index.ContextLineIndexTests.test_no_stale_spans_after_new_invocation) ... ok
test_ambiguity_and_scope_boundaries_survive_cached_lookup (test_context_named_cache.NamedCacheTests.test_ambiguity_and_scope_boundaries_survive_cached_lookup) ... ok
test_new_invocation_rebuilds_names_and_source_hash (test_context_named_cache.NamedCacheTests.test_new_invocation_rebuilds_names_and_source_hash) ... ok
test_shared_scope_walked_once_without_changing_excerpts (test_context_named_cache.NamedCacheTests.test_shared_scope_walked_once_without_changing_excerpts) ... ok
test_actual_cli_boundary_and_no_partial_output (test_context_output_budget.OutputBudgetTests.test_actual_cli_boundary_and_no_partial_output) ... ok
test_ancestor_context_is_not_dropped_to_fit (test_context_output_budget.OutputBudgetTests.test_ancestor_context_is_not_dropped_to_fit) ... ok
test_collect_uses_requested_format_without_changing_values (test_context_output_budget.OutputBudgetTests.test_collect_uses_requested_format_without_changing_values) ... ok
test_custom_limit_exact_boundary_and_formats (test_context_output_budget.OutputBudgetTests.test_custom_limit_exact_boundary_and_formats) ... ok
test_invalid_limits_fail_before_reading (test_context_output_budget.OutputBudgetTests.test_invalid_limits_fail_before_reading) ... ok
test_post_stat_replacements_reject_without_blocking_or_charging_budget (test_context_read_races.ContextReadRaceTests.test_post_stat_replacements_reject_without_blocking_or_charging_budget) ... ok
test_regular_utf8_bytes_hash_and_budget_unchanged (test_context_read_races.ContextReadRaceTests.test_regular_utf8_bytes_hash_and_budget_unchanged) ... ok
test_each_format_selects_smaller_nested_record_and_keeps_explicit_body (test_context_representation_size.ContextRepresentationSizeTests.test_each_format_selects_smaller_nested_record_and_keeps_explicit_body) ... ok
test_exact_pretty_budget_accepts_smaller_complete_source (test_context_representation_size.ContextRepresentationSizeTests.test_exact_pretty_budget_accepts_smaller_complete_source) ... ok
test_pretty_can_choose_complete_source_where_compact_prefers_index (test_context_representation_size.ContextRepresentationSizeTests.test_pretty_can_choose_complete_source_where_compact_prefers_index) ... ok
test_real_output_limit_with_complete_ancestor_instructions (test_context_representation_size.ContextRepresentationSizeTests.test_real_output_limit_with_complete_ancestor_instructions) ... ok
test_async_and_multiline_decorators_preserve_line_numbers (test_audit_context.AuditContextTests.test_async_and_multiline_decorators_preserve_line_numbers) ... ok
test_cli_emits_valid_context_without_side_effects (test_audit_context.AuditContextTests.test_cli_emits_valid_context_without_side_effects) ... ok
test_collects_scoped_instructions_configs_and_exact_method_without_execution (test_audit_context.AuditContextTests.test_collects_scoped_instructions_configs_and_exact_method_without_execution) ... ok
test_compact_cli_retains_every_value_and_pretty_preserves_legacy_shape (test_audit_context.AuditContextTests.test_compact_cli_retains_every_value_and_pretty_preserves_legacy_shape) ... ok
test_conditional_duplicates_and_ambiguous_parent_stay_incomplete (test_audit_context.AuditContextTests.test_conditional_duplicates_and_ambiguous_parent_stay_incomplete) ... ok
test_conditional_plugin_or_hook_definitions_remain_visible (test_audit_context.AuditContextTests.test_conditional_plugin_or_hook_definitions_remain_visible) ... ok
test_conditional_selector_cli_preserves_success_and_refuses_ambiguity (test_audit_context.AuditContextTests.test_conditional_selector_cli_preserves_success_and_refuses_ambiguity) ... ok
test_conftest_index_preserves_physical_top_level_lines (test_audit_context.AuditContextTests.test_conftest_index_preserves_physical_top_level_lines) ... ok
test_definition_locations_preserve_non_newline_unicode_and_control_characters (test_audit_context.AuditContextTests.test_definition_locations_preserve_non_newline_unicode_and_control_characters) ... ok
test_dense_definitions_do_not_expand_output_into_a_larger_index (test_audit_context.AuditContextTests.test_dense_definitions_do_not_expand_output_into_a_larger_index) ... ok
test_documented_command_reads_large_test_body_and_only_selected_method (test_audit_context.AuditContextTests.test_documented_command_reads_large_test_body_and_only_selected_method) ... ok
test_full_flag_restores_selected_bodies_but_never_bypasses_limits (test_audit_context.AuditContextTests.test_full_flag_restores_selected_bodies_but_never_bypasses_limits) ... ok
test_instructions_and_config_are_never_auto_indexed (test_audit_context.AuditContextTests.test_instructions_and_config_are_never_auto_indexed) ... ok
test_invalid_or_module_lines_fail_without_partial_cli_context (test_audit_context.AuditContextTests.test_invalid_or_module_lines_fail_without_partial_cli_context) ... ok
test_large_python_file_indexes_methods_without_claiming_bodies_read (test_audit_context.AuditContextTests.test_large_python_file_indexes_methods_without_claiming_bodies_read) ... ok
test_large_unsupported_python_fails_explicitly_but_full_read_is_available (test_audit_context.AuditContextTests.test_large_unsupported_python_fails_explicitly_but_full_read_is_available) ... ok
test_line_resolves_nested_and_conditional_definitions (test_audit_context.AuditContextTests.test_line_resolves_nested_and_conditional_definitions) ... ok
test_line_selects_decorated_method_without_importing_source (test_audit_context.AuditContextTests.test_line_selects_decorated_method_without_importing_source) ... ok
test_missing_ambiguous_and_invalid_symbols_do_not_select_arbitrary_code (test_audit_context.AuditContextTests.test_missing_ambiguous_and_invalid_symbols_do_not_select_arbitrary_code) ... ok
test_multiple_selectors_read_and_parse_each_file_once (test_audit_context.AuditContextTests.test_multiple_selectors_read_and_parse_each_file_once) ... ok
test_named_selection_crosses_control_flow_without_executing_it (test_audit_context.AuditContextTests.test_named_selection_crosses_control_flow_without_executing_it) ... ok
test_named_selection_crosses_handler_loop_and_class_conditional (test_audit_context.AuditContextTests.test_named_selection_crosses_handler_loop_and_class_conditional) ... ok
test_nested_scope_does_not_leak_into_unqualified_selection (test_audit_context.AuditContextTests.test_nested_scope_does_not_leak_into_unqualified_selection) ... ok
test_no_parent_or_sibling_instruction_discovery (test_audit_context.AuditContextTests.test_no_parent_or_sibling_instruction_discovery) ... ok
test_physical_newlines_match_parser_with_and_without_final_newline (test_audit_context.AuditContextTests.test_physical_newlines_match_parser_with_and_without_final_newline) ... ok
test_refuses_escape_git_and_symlink_targets_or_ancestor_context (test_audit_context.AuditContextTests.test_refuses_escape_git_and_symlink_targets_or_ancestor_context) ... ok
test_shared_conftest_index_and_body_use_one_input_budget (test_audit_context.AuditContextTests.test_shared_conftest_index_and_body_use_one_input_budget) ... ok
test_size_and_output_caps_fail_without_partial_stdout (test_audit_context.AuditContextTests.test_size_and_output_caps_fail_without_partial_stdout) ... ok
test_source_cache_does_not_survive_a_collection (test_audit_context.AuditContextTests.test_source_cache_does_not_survive_a_collection) ... ok
test_total_read_budget_and_non_regular_files_are_rejected (test_audit_context.AuditContextTests.test_total_read_budget_and_non_regular_files_are_rejected) ... ok
test_unicode_in_literal_does_not_trigger_large_file_indexing (test_audit_context.AuditContextTests.test_unicode_in_literal_does_not_trigger_large_file_indexing) ... ok
test_unsupported_conftest_syntax_is_not_silently_omitted (test_audit_context.AuditContextTests.test_unsupported_conftest_syntax_is_not_silently_omitted) ... ok

----------------------------------------------------------------------
Ran 71 tests in 1.099s

OK
