127.0.0.1 - - [28/Sep/2026 01:04:29] "GET /cookies/set?qh_boundary=present HTTP/1.1" 302 223
127.0.0.1 - - [28/Sep/2026 01:04:29] "GET /cookies HTTP/1.1" 200 38
127.0.0.1 - - [28/Sep/2026 01:04:29] "GET /cookies HTTP/1.1" 200 38
[2026-09-28 01:04:29,565] ERROR in app: Exception on /response-headers [GET]
Traceback (most recent call last):
  File "/tmp/qh-cookie-observations/service-prefix/flask/app.py", line 2447, in wsgi_app
    response = self.full_dispatch_request()
  File "/tmp/qh-cookie-observations/service-prefix/flask/app.py", line 1952, in full_dispatch_request
    rv = self.handle_user_exception(e)
  File "/tmp/qh-cookie-observations/service-prefix/flask/app.py", line 1821, in handle_user_exception
    reraise(exc_type, exc_value, tb)
  File "/tmp/qh-cookie-observations/service-prefix/flask/_compat.py", line 39, in reraise
    raise value
  File "/tmp/qh-cookie-observations/service-prefix/flask/app.py", line 1950, in full_dispatch_request
    rv = self.dispatch_request()
  File "/tmp/qh-cookie-observations/service-prefix/flask/app.py", line 1936, in dispatch_request
    return self.view_functions[rule.endpoint](**req.view_args)
  File "/tmp/qh-cookie-observations/service-prefix/httpbin/core.py", line 314, in response_headers
    response = jsonify(headers.lists())
  File "/tmp/qh-cookie-observations/service-prefix/httpbin/core.py", line 40, in jsonify
    response = flask_jsonify(*args, **kwargs)
  File "/tmp/qh-cookie-observations/service-prefix/flask/json/__init__.py", line 370, in jsonify
    dumps(data, indent=indent, separators=separators) + "\n",
  File "/tmp/qh-cookie-observations/service-prefix/flask/json/__init__.py", line 211, in dumps
    rv = _json.dumps(obj, **kwargs)
  File "/opt/miniconda3/envs/testbed/lib/python3.9/json/__init__.py", line 234, in dumps
    return cls(
  File "/opt/miniconda3/envs/testbed/lib/python3.9/json/encoder.py", line 199, in encode
    chunks = self.iterencode(o, _one_shot=True)
  File "/opt/miniconda3/envs/testbed/lib/python3.9/json/encoder.py", line 257, in iterencode
    return _iterencode(o, 0)
  File "/tmp/qh-cookie-observations/service-prefix/flask/json/__init__.py", line 100, in default
    return _json.JSONEncoder.default(self, o)
  File "/opt/miniconda3/envs/testbed/lib/python3.9/json/encoder.py", line 179, in default
    raise TypeError(f'Object of type {o.__class__.__name__} '
TypeError: Object of type generator is not JSON serializable
127.0.0.1 - - [28/Sep/2026 01:04:29] "GET /response-headers?Set-Cookie=qh_boundary%3Ddeleted%3B+expires%3DThu%2C+01-Jan-1970+00%3A00%3A01+GMT HTTP/1.1" 500 290
