27/Sep/2026 05:47:20 GET /
27/Sep/2026 05:47:20 GET /assets/
27/Sep/2026 05:47:20 GET /assets/
27/Sep/2026 05:47:20 GET /.private
27/Sep/2026 05:47:20 GET /.private
27/Sep/2026 05:47:20 GET /linked-secret.txt
27/Sep/2026 05:47:20 GET /linked-secret.txt
27/Sep/2026 05:47:20 GET /%2e%2e/outside.txt
27/Sep/2026 05:47:20 GET /%2e%2e/outside.txt
27/Sep/2026 05:47:20 GET /missing
27/Sep/2026 05:47:20 GET /missing
27/Sep/2026 05:47:21 GET /_health
27/Sep/2026 05:47:21 HEAD /_health
27/Sep/2026 05:47:21 GET /
27/Sep/2026 05:47:21 GET /%2e%2e/outside.txt
27/Sep/2026 05:47:21 GET /%2e%2e/outside.txt
27/Sep/2026 05:47:22 GET /_health
27/Sep/2026 05:47:22 GET /_health
----------------------------------------------------------------------
Ran 16 tests in 2.105s

OK
